[animalsaustralia.org/index.html]
[backblue.gif]
[fade.gif]
[index.html]
[animalsaustralia.org/wp-content/themes/animalsaustralia/favicons/apple-touch-icon.png]
[animalsaustralia.org/wp-content/themes/animalsaustralia/favicons/favicon-32x32.png]
[animalsaustralia.org/wp-content/themes/animalsaustralia/favicons/favicon-16x16.png]
[animalsaustralia.org/wp-content/themes/animalsaustralia/favicons/site.html]
[animalsaustralia.org/wp-content/themes/animalsaustralia/favicons/safari-pinned-tab.svg]
[animalsaustralia.org/wp-content/cache/min/1/wp-content/themes/animalsaustralia/fractal/dist/global115a.css]
[animalsaustralia.org/wp-content/plugins/wp-sentry/public/wp-sentry-browser.minad2c.js]
[animalsaustralia.org/wp-json/index.html]
[animalsaustralia.org/wp-json/wp/v2/pages/9.json]
[animalsaustralia.org/wp-includes/wlwmanifest.xml]
[animalsaustralia.org/wp-json/oembed/1.0/embedd356.json]
[animalsaustralia.org/wp-json/oembed/1.0/embed3e02]
[animalsaustralia.org/wp-content/themes/animalsaustralia/fractal/dist/icons/symbols.svg]
[animalsaustralia.org/contact-us/index.html]
[animalsaustralia.org/faqs/index.html]
[animalsaustralia.org/wp-content/themes/animalsaustralia/fractal/dist/svg/aa-logo.svg]
[cdn.animalsaustralia.org/wp-content/uploads/2021/11/25115312/GettyImages-1240835359-1200x6000a14.jpg]
[animalsaustralia.org/my-aa/index.html]
[animalsaustralia.org/take-action/donate/index.html]
[animalsaustralia.org/our-work/index.html]
[cdn.animalsaustralia.org/wp-content/uploads/2021/11/25152307/CreatingLastingChange-1200x600.jpg]
[animalsaustralia.org/our-work/live-export/index.html]
[animalsaustralia.org/our-work/farmed-animals/index.html]
[animalsaustralia.org/our-work/factory-farming/index.html]
[animalsaustralia.org/our-work/wildlife/index.html]
[animalsaustralia.org/our-work/shooting-and-hunting/index.html]
[animalsaustralia.org/our-work/horse-racing/index.html]
[animalsaustralia.org/our-work/greyhound-racing/index.html]
[cdn.animalsaustralia.org/wp-content/uploads/2021/11/25121341/Duck_Launch-1200x6000a14.jpg]
[animalsaustralia.org/our-work/marine-animals/index.html]
[animalsaustralia.org/our-work/rodeos/index.html]
[animalsaustralia.org/our-work/companion-animals/index.html]
[animalsaustralia.org/our-work/animal-testing/index.html]
[animalsaustralia.org/our-work/zoos-and-aquariums/index.html]
[cdn.animalsaustralia.org/wp-content/uploads/2021/11/25153540/Piglet-1200x6000a14.jpg]
[animalsaustralia.org/our-work/animal-circuses/index.html]
[animalsaustralia.org/our-work/protecting-our-planet/index.html]
[animalsaustralia.org/our-work/compassionate-living/index.html]
[cdn.animalsaustralia.org/wp-content/uploads/2021/11/25152312/LayerHens_Australia_JMcArthur_2013-4255-1200x600.jpg]
[animalsaustralia.org/our-work/inspiring-stories/index.html]
[animalsaustralia.org/our-work/global-work/index.html]
[animalsaustralia.org/our-work/emergency-grants-program/index.html]
[cdn.animalsaustralia.org/wp-content/uploads/2021/11/25133812/AA_VegKit_BuddhaBowl_16814-1200x600.jpg]
[animalsaustralia.org/our-work/government-and-policy/index.html]
[animalsaustralia.org/take-action/index.html]
[animalsaustralia.org/take-action/become-a-member/index.html]
[animalsaustralia.org/take-action/campaigns-and-investigations/index.html]
[animalsaustralia.org/take-action/petitions-and-pledges/index.html]
[cdn.animalsaustralia.org/wp-content/uploads/2021/11/25105149/jorge-lazaro-493460-unsplash-1200x600.jpg]
[animalsaustralia.org/take-action/plant-based-living/index.html]
[animalsaustralia.org/take-action/bequests/index.html]
[cdn.animalsaustralia.org/wp-content/uploads/2021/11/29134651/2020_Somewhere_FlyingPig-1200x600.png]
[animalsaustralia.org/latest-news.html]
[cdn.animalsaustralia.org/wp-content/uploads/2022/01/05122801/Kangroo-bushfires-1200x600.jpg]
[animalsaustralia.org/our-impact/case-studies/ending-bali-dog-meat/index.html]
[animalsaustralia.org/our-impact/index.html]
[cdn.animalsaustralia.org/wp-content/uploads/2017/09/09155229/dog-meat-saved.jpg]
[cdn.animalsaustralia.org/wp-content/uploads/2021/11/25103957/iStock-512905822-1200x600.jpg]
[animalsaustralia.org/about-us/index.html]
[animalsaustralia.org/about-us/our-values/index.html]
[animalsaustralia.org/about-us/our-approach/index.html]
[cdn.animalsaustralia.org/wp-content/uploads/2021/11/25135442/documentsfeaturesimages71273rallywewontvotejpg___940.529_0_0__85.jpg]
[animalsaustralia.org/about-us/our-people/index.html]
[animalsaustralia.org/about-us/careers/index.html]
[animalsaustralia.org/about-us/annual-reports/index.html]
[animalsaustralia.org/about-us/supporter-update/index.html]
[cdn.animalsaustralia.org/wp-content/uploads/2021/11/25154542/5c6c84956628f1550615701-1200x6000a14.png]
[animalsaustralia.org/about-us/our-partners/index.html]
[animalsaustralia.org/take-action/campaigns-and-investigations/join-the-evolution/index.html]
[cdn.animalsaustralia.org/wp-content/uploads/2022/10/10143656/Javed_LAPS-580x300.jpg]
[cdn.animalsaustralia.org/wp-content/uploads/2022/07/22174418/We-Animals-3-600x3000a14.jpg]
[animalsaustralia.org/latest-news/urge-pm-to-end-live-export-now-s/index.html]
[animalsaustralia.org/latest-news/emergency-grants-pakistan-floods/index.html]
[cdn.animalsaustralia.org/wp-content/uploads/2022/04/27141418/sow-in-stall-600x300.jpg]
[animalsaustralia.org/latest-news/battery-cages-phase-out/index.html]
[animalsaustralia.org/latest-news/farrowing-crates-a-cycle-of-suffering-for-mother-pigs/index.html]
[cdn.animalsaustralia.org/wp-content/uploads/2021/12/03142359/Evolution-600x3000a14.png]
[cdn.animalsaustralia.org/wp-content/uploads/2021/11/25161041/Ducks-600x300.png]
[cdn.animalsaustralia.org/wp-content/uploads/2022/09/12182050/Koala_joey_tree-600x300.jpg]
[cdn.animalsaustralia.org/wp-content/uploads/2021/11/25105001/Calf_BG-2-1200x12000a14.jpg]
[animalsaustralia.org/latest-news/caring-for-the-iconic-koala/index.html]
[animalsaustralia.org/latest-news/index.html]
[animalsaustralia.org/latest-news/duck-shooting-victoria/index.html]
[cdn.animalsaustralia.org/wp-content/uploads/2021/11/25153532/Piglet_home-600x12000a14.jpg]
[cdn.animalsaustralia.org/wp-content/uploads/2021/11/29162819/Koala_Home1-600x1200.jpg]
[cdn.animalsaustralia.org/wp-content/uploads/2021/12/02162114/Compassionate_Living600x1200-600x9000a14.jpg]
[cdn.animalsaustralia.org/wp-content/uploads/2021/11/25123428/tacos-1-1200x600.jpg]
[cdn.animalsaustralia.org/wp-content/uploads/2021/11/25135442/documentsfeaturesimages71273rallywewontvotejpg___940.529_0_0__85-600x300.jpg]
[cdn.animalsaustralia.org/wp-content/uploads/2021/11/25153417/577c63f9042281467769849-3-600x300.jpg]
[cdn.animalsaustralia.org/wp-content/uploads/2021/11/25154749/HappySheep-600x300.jpg]
[animalsaustralia.org/take-action/donate/index1e28.html]
[cdn.animalsaustralia.org/wp-content/uploads/2021/11/25152209/GettyImages-1297011499-1200x600.jpg]
[cdn.animalsaustralia.org/wp-content/uploads/2021/11/25154659/5615ed33385441444277555-4-400x8000a14.jpg]
[cdn.animalsaustralia.org/wp-content/uploads/2021/11/25103501/MatureHen-400x800.jpg]
[cdn.animalsaustralia.org/wp-content/uploads/2021/11/25105013/calf-scaled-400x8000a14.jpg]
[cdn.animalsaustralia.org/wp-content/uploads/2021/11/25161205/GettyImages-1178253738-400x800.jpg]
[www.google.com/recaptcha/api8a20.js]
[animalsaustralia.org/wp-content/themes/animalsaustralia/fractal/dist/svg/aa-logo-bone.svg]
[animalsaustralia.org/privacy-policy/index.html]
[animalsaustralia.org/our-impact/case-studies/index.html]
[animalsaustralia.org/privacy-policy.html]
[animalsaustralia.org/wp-content/cache/min/1/wp-content/themes/animalsaustralia/fractal/dist/modules/home-banner/home-banner9d84.css]
[animalsaustralia.org/wp-content/cache/min/1/wp-content/themes/animalsaustralia/fractal/dist/modules/home-latest-articles/home-latest-articles9d84.css]
[animalsaustralia.org/wp-content/cache/min/1/wp-content/themes/animalsaustralia/fractal/dist/modules/article/article115a.css]
[animalsaustralia.org/wp-content/cache/min/1/wp-content/themes/animalsaustralia/fractal/dist/modules/text-only-article/text-only-article9d84.css]
[animalsaustralia.org/wp-content/cache/min/1/wp-content/themes/animalsaustralia/fractal/dist/modules/home-take-action/home-take-action8ab5.css]
[animalsaustralia.org/wp-content/cache/min/1/wp-content/themes/animalsaustralia/fractal/dist/modules/home-plant-based/home-plant-based8ab5.css]
[animalsaustralia.org/wp-content/cache/min/1/wp-content/themes/animalsaustralia/fractal/dist/modules/home-vegkit/home-vegkit8ab5.css]
[animalsaustralia.org/wp-content/cache/min/1/wp-content/themes/animalsaustralia/fractal/dist/modules/home-marquee/home-marquee8ab5.css]
[animalsaustralia.org/wp-content/cache/min/1/wp-content/themes/animalsaustralia/fractal/dist/modules/home-support/home-support8ab5.css]
[animalsaustralia.org/wp-content/cache/min/1/wp-content/themes/animalsaustralia/fractal/dist/modules/home-image-text/home-image-text8ab5.css]
[animalsaustralia.org/wp-content/cache/min/1/wp-content/themes/animalsaustralia/fractal/dist/modules/home-issues/home-issues8ab5.css]
[animalsaustralia.org/wp-content/cache/min/1/wp-content/themes/animalsaustralia/fractal/dist/modules/home-timeline/home-timeline8ab5.css]
[animalsaustralia.org/wp-content/cache/min/1/wp-content/themes/animalsaustralia/fractal/dist/modules/newsletter-signup/newsletter-signup115a.css]
[animalsaustralia.org/wp-content/cache/min/1/wp-content/themes/animalsaustralia/fractal/dist/modules/footer/footer115a.css]
[animalsaustralia.org/wp-content/cache/min/1/wp-content/themes/animalsaustralia/fractal/dist/modules/cookie-alert/cookie-alert115a.css]
[animalsaustralia.org/wp-content/themes/animalsaustralia/fractal/dist/global59ae.js]
[animalsaustralia.org/wp-content/themes/animalsaustralia/fractal/dist/modules/home-banner/home-banner59ae.js]
[animalsaustralia.org/wp-content/themes/animalsaustralia/fractal/dist/modules/home-marquee/home-marquee59ae.js]
[animalsaustralia.org/wp-content/themes/animalsaustralia/fractal/dist/modules/home-timeline/home-timeline59ae.js]
[animalsaustralia.org/wp-content/themes/animalsaustralia/fractal/dist/modules/newsletter-signup/newsletter-signup59ae.js]
[animalsaustralia.org/wp-content/themes/animalsaustralia/fractal/dist/modules/footer/footer59ae.js]
[animalsaustralia.org/wp-content/themes/animalsaustralia/fractal/dist/modules/cookie-alert/cookie-alert59ae.js]
[animalsaustralia.org/index.html]
[www.googletagmanager.com/gtm5445.html]
[animalsaustralia.org/wp-content/themes/animalsaustralia/favicons/site.html]
[animalsaustralia.org/wp-content/themes/animalsaustralia/favicons/safari-pinned-tab.svg]
[animalsaustralia.org/wp-content/themes/animalsaustralia/fractal/dist/fonts/Cambon-Demi.woff2]
[animalsaustralia.org/wp-content/themes/animalsaustralia/fractal/dist/fonts/founders-grotesk-regular.woff2]
[animalsaustralia.org/wp-content/themes/animalsaustralia/fractal/dist/fonts/founders-grotesk-medium.woff2]
[animalsaustralia.org/wp-content/cache/min/1/wp-content/themes/animalsaustralia/fractal/dist/global115a.css]
[animalsaustralia.org/xmlrpc0db0.html]
[animalsaustralia.org/wp-content/themes/animalsaustralia/fractal/dist/fonts/founders-grotesk-semibold.woff2]
[animalsaustralia.org/wp-json/wp/v2/pages/161.json]
[animalsaustralia.org/wp-json/oembed/1.0/embedaec3.json]
[animalsaustralia.org/wp-json/oembed/1.0/embedcd66]
[cdn.animalsaustralia.org/wp-content/uploads/2021/11/25120025/GettyImages-1180907434-1920x600.jpg]
[animalsaustralia.org/take-action/campaigns-and-investigations/somewhere/index.html]
[animalsaustralia.org/latest-news/codes-of-cruelty/index.html]
[animalsaustralia.org/latest-news/egg-free-guide/index.html]
[animalsaustralia.org/latest-news/vegan-christmas-food-ideas/index.html]
[animalsaustralia.org/latest-news/dairy-free-shopping-list/index.html]
[animalsaustralia.org/latest-news/nutrition/index.html]
[animalsaustralia.org/latest-news/being-a-wildlife-carer/index.html]
[animalsaustralia.org/latest-news/how-are-animals-slaughtered-australia/index.html]
[animalsaustralia.org/latest-news/reality-egg-production-chick-shredding/index.html]
[animalsaustralia.org/wp-content/cache/min/1/wp-content/themes/animalsaustralia/fractal/dist/modules/hero-banner/hero-banner115a.css]
[animalsaustralia.org/wp-content/cache/min/1/wp-content/themes/animalsaustralia/fractal/dist/modules/accordion/accordiona54f.css]
[animalsaustralia.org/latest-news/federal-mp-look-up-tool/index.html]
[animalsaustralia.org/wp-content/cache/min/1/wp-content/themes/animalsaustralia/fractal/dist/modules/accordion-group/accordion-groupc582.css]
[animalsaustralia.org/wp-content/themes/animalsaustralia/fractal/dist/modules/accordion/accordion59ae.js]
[animalsaustralia.org/wp-content/themes/animalsaustralia/fractal/dist/modules/accordion-group/accordion-group59ae.js]
[animalsaustralia.org/faqs/index.html]
[animalsaustralia.org/wp-json/wp/v2/pages/4384.json]
[animalsaustralia.org/wp-json/oembed/1.0/embeda825.json]
[animalsaustralia.org/wp-json/oembed/1.0/embed71c1]
[cdn.animalsaustralia.org/wp-content/uploads/2021/11/25153450/GettyImages-680547162-1920x6000a14.jpg]
[cdn.animalsaustralia.org/wp-content/uploads/2021/11/25161005/5678ca52a9eb11450756690-600x300.jpg]
[cdn.animalsaustralia.org/wp-content/uploads/2021/11/23231902/dog-meat-saved-600x300.jpg]
[animalsaustralia.org/wp-content/themes/animalsaustralia/fractal/dist/lottie/cc-processing.json]
[animalsaustralia.org/wp-content/cache/min/1/wp-content/themes/animalsaustralia/fractal/dist/modules/contact-details/contact-details5fce.css]
[animalsaustralia.org/wp-content/cache/min/1/wp-content/themes/animalsaustralia/fractal/dist/modules/contact-us/contact-us5fce.css]
[animalsaustralia.org/contact-us/index.html]
[animalsaustralia.org/wp-content/themes/animalsaustralia/fractal/dist/icons/symbols.svg]
[animalsaustralia.org/my-aa/index.html]
[animalsaustralia.org/wp-content/themes/animalsaustralia/fractal/dist/svg/aa-logo.svg]
[animalsaustralia.org/wp-content/themes/animalsaustralia/fractal/dist/modules/contact-us/contact-us59ae.js]
[animalsaustralia.org/wp-json/wp/v2/pages/238.json]
[animalsaustralia.org/my-aa/login/index.html]
[animalsaustralia.org/wp-json/oembed/1.0/embedd717.json]
[animalsaustralia.org/wp-json/oembed/1.0/embedc0c9]
[animalsaustralia.org/donor-charter/index.html]
[secure.merchantwarrior.com/payframe/payframe.js]
[animalsaustralia.org/take-action/donate/donate-in-celebration/index.html]
[animalsaustralia.org/take-action/donate/memorial-gifts/index.html]
[animalsaustralia.org/take-action/donate/ways-to-pay/index.html]
[animalsaustralia.org/wp-content/cache/min/1/wp-content/themes/animalsaustralia/fractal/dist/modules/social-share/social-sharecdc9.css]
[animalsaustralia.org/wp-content/cache/min/1/wp-content/themes/animalsaustralia/fractal/dist/modules/form-stepper/form-stepper08d7.css]
[animalsaustralia.org/wp-content/cache/min/1/wp-content/themes/animalsaustralia/fractal/dist/modules/donation/donationcdc9.css]
[animalsaustralia.org/wp-content/cache/min/1/wp-content/themes/animalsaustralia/fractal/dist/modules/more-ways-to-give/more-ways-to-givecdc9.css]
[animalsaustralia.org/take-action/donate/index.html]
[animalsaustralia.org/wp-content/themes/animalsaustralia/fractal/dist/modules/donation/donation59ae.js]
[animalsaustralia.org/wp-json/wp/v2/pages/175.json]
[animalsaustralia.org/wp-json/oembed/1.0/embed4182.json]
[animalsaustralia.org/wp-json/oembed/1.0/embedfa5f]
[animalsaustralia.org/our-work/animal-circuses.html]
[cdn.animalsaustralia.org/wp-content/uploads/2021/11/25095454/GettyImages-177842117-600x6000a14.jpg]
[animalsaustralia.org/our-work/animal-testing.html]
[cdn.animalsaustralia.org/wp-content/uploads/2021/11/25102334/579072b8aac041469084344-600x600.jpg]
[animalsaustralia.org/our-work/companion-animals.html]
[cdn.animalsaustralia.org/wp-content/uploads/2021/11/25103935/GettyImages-168282777-600x600.jpg]
[animalsaustralia.org/our-work/factory-farming.html]
[cdn.animalsaustralia.org/wp-content/uploads/2021/11/25115312/GettyImages-1240835359-600x6000a14.jpg]
[animalsaustralia.org/our-work/farmed-animals.html]
[cdn.animalsaustralia.org/wp-content/uploads/2021/11/25104926/5791c984e600b1469172100-600x600.jpg]
[animalsaustralia.org/our-work/greyhound-racing.html]
[cdn.animalsaustralia.org/wp-content/uploads/2021/11/25104330/Greyhound_RacingHeader-600x6000a14.jpg]
[animalsaustralia.org/our-work/horse-racing.html]
[cdn.animalsaustralia.org/wp-content/uploads/2021/11/25152016/551238c5b8e791427257541-1-600x600.jpg]
[animalsaustralia.org/our-work/live-export.html]
[cdn.animalsaustralia.org/wp-content/uploads/2021/11/25152307/CreatingLastingChange-600x600.jpg]
[animalsaustralia.org/our-work/marine-animals.html]
[cdn.animalsaustralia.org/wp-content/uploads/2021/11/25153239/GettyImages-1303043820-1-600x600.jpg]
[animalsaustralia.org/our-work/rodeos.html]
[cdn.animalsaustralia.org/wp-content/uploads/2021/11/25154059/GettyImages-1014637446-600x600.jpg]
[animalsaustralia.org/our-work/shooting-and-hunting.html]
[cdn.animalsaustralia.org/wp-content/uploads/2021/11/25121341/Duck_Launch-600x6000a14.jpg]
[animalsaustralia.org/our-work/wildlife.html]
[cdn.animalsaustralia.org/wp-content/uploads/2021/11/25161024/AustraliaFires_JMcArthur2019-7588-600x6000a14.jpg]
[animalsaustralia.org/our-work/zoos-and-aquariums.html]
[cdn.animalsaustralia.org/wp-content/uploads/2021/11/25161453/we-animals-media-orca-600x6000a14.jpg]
[animalsaustralia.org/our-work/compassionate-living.html]
[cdn.animalsaustralia.org/wp-content/uploads/2021/11/25104028/5ab3285db868d1521690717-600x600.jpg]
[animalsaustralia.org/our-work/inspiring-stories.html]
[cdn.animalsaustralia.org/wp-content/uploads/2021/11/25152215/Gimesy_Douglas_20190315_3DG3231-600x600.png]
[animalsaustralia.org/our-work/protecting-our-planet.html]
[cdn.animalsaustralia.org/wp-content/uploads/2021/11/25151156/AustraliaFires_JMcArthur2019-7498-600x600.jpg]
[animalsaustralia.org/our-work/emergency-grants-program.html]
[cdn.animalsaustralia.org/wp-content/uploads/2021/11/25114911/Credit_Animals_Lebanon-600x600.jpg]
[animalsaustralia.org/our-work/global-work.html]
[cdn.animalsaustralia.org/wp-content/uploads/2021/11/25135604/2020_CovidGrants_JAAN_horse-1-600x600.jpg]
[animalsaustralia.org/our-work/government-and-policy.html]
[cdn.animalsaustralia.org/wp-content/uploads/2021/11/25103522/shutterstock_1197498508-600x6000a14.jpg]
[animalsaustralia.org/wp-content/cache/min/1/wp-content/themes/animalsaustralia/fractal/dist/modules/what-were-doing-parent/what-were-doing-parent30d6.css]
[animalsaustralia.org/wp-content/themes/animalsaustralia/fractal/dist/modules/what-were-doing-parent/what-were-doing-parent59ae.js]
[animalsaustralia.org/our-work/index.html]
[animalsaustralia.org/our-work/live-export/page/2/index.html]
[animalsaustralia.org/our-work.html]
[animalsaustralia.org/our-work/live-export/feed/index.html]
[cdn.animalsaustralia.org/wp-content/uploads/2021/11/25152307/CreatingLastingChange-1920x800.jpg]
[cdn.animalsaustralia.org/wp-content/uploads/2022/07/28123735/Steer_LEinvestigations-380x450.jpg]
[animalsaustralia.org/our-work/live-export/index964a.html]
[animalsaustralia.org/our-work/live-export/index5be0.html]
[animalsaustralia.org/our-work/live-export/indexa7cd.html]
[animalsaustralia.org/our-work/live-export/urge-pm-to-end-live-export-now-s/index.html]
[animalsaustralia.org/our-work/live-export/background/index.html]
[cdn.animalsaustralia.org/wp-content/uploads/2022/07/05165323/LiveExport_NewSheep-900x450.jpg]
[animalsaustralia.org/our-work/live-export/2022-festival-of-sacrifice/index.html]
[animalsaustralia.org/our-work/live-export/donate-to-investigations/index.html]
[cdn.animalsaustralia.org/wp-content/uploads/2022/03/22152650/27452_Liveexport_Onboard_2018_6-900x4500a14.jpg]
[animalsaustralia.org/our-work/live-export/summer-live-export-ban-at-risk/index.html]
[cdn.animalsaustralia.org/wp-content/uploads/2021/12/06142002/mob_sheep-on-live-export-ship-2-900x4500a14.jpg]
[cdn.animalsaustralia.org/wp-content/uploads/2021/12/27145509/documentseactions22260rosheepadvjpg___1200.626_0_0__70-900x450.jpg]
[animalsaustralia.org/our-work/live-export/live-export-ships-exposed/index.html]
[cdn.animalsaustralia.org/wp-content/uploads/2021/11/29130936/2012_LiveExport_MiddleEast-900x4500a14.jpg]
[animalsaustralia.org/our-work/live-export/live-export-isnt-business-its-cruelty/index.html]
[cdn.animalsaustralia.org/wp-content/uploads/2021/12/23155422/peta_failed_stunning-900x450.jpg]
[animalsaustralia.org/our-work/live-export/end-live-export/index.html]
[cdn.animalsaustralia.org/wp-content/uploads/2021/11/29134839/2021_LiveExportRomania-900x4500a14.jpg]
[animalsaustralia.org/our-work/live-export/peta-live-export-indonesia/index.html]
[cdn.animalsaustralia.org/wp-content/uploads/2021/11/25154744/GettyImages-588379118-900x450.jpg]
[animalsaustralia.org/our-work/live-export/save-miorita-song-live-export-romania/index.html]
[animalsaustralia.org/our-work/live-export/millions-of-australian-sheep-spared-live-export/index.html]
[cdn.animalsaustralia.org/wp-content/uploads/2021/11/26154658/SheepSaleyards_Australia_JMcArthur_20130225-6609-1-1-1-900x450.jpg]
[cdn.animalsaustralia.org/wp-content/uploads/2021/11/23232647/tommy-10yrs-2-900x450.jpg]
[animalsaustralia.org/our-work/live-export/shocking-cruelty-aus-govt-approved-slaughterhouse-au/index.html]
[cdn.animalsaustralia.org/wp-content/uploads/2021/11/23230536/cows-indoor-light-900x450.jpg]
[animalsaustralia.org/our-work/live-export/10-years-after-four-corners-live-export/index.html]
[cdn.animalsaustralia.org/wp-content/uploads/2021/11/25152729/MG_6023-as-Smart-Object-1_1-900x450.jpg]
[animalsaustralia.org/our-work/live-export/new-zealand-announces-world-first-live-export-ban/index.html]
[cdn.animalsaustralia.org/wp-content/uploads/2021/11/23225745/28882_20191202_Protest-to-ban-LE_Bucharest.jpg]
[animalsaustralia.org/our-work/live-export/ban-live-export/index.html]
[cdn.animalsaustralia.org/wp-content/uploads/2021/11/23232908/99045_Queen-Hind_1-Feb-2019_-900x450.jpg]
[animalsaustralia.org/our-work/live-export/people-power-stops-new-live-export/index.html]
[animalsaustralia.org/our-work/live-export/two-live-export-ships-past-year-capsized-sea-destroying-animal-human-lives/index.html]
[cdn.animalsaustralia.org/wp-content/uploads/2021/11/23225124/sheep-win-namibia-1.jpg]
[animalsaustralia.org/our-work/live-export/why-we-are-determined-to-end-live-export/index.html]
[cdn.animalsaustralia.org/wp-content/uploads/2021/11/23231344/1000x500_liveexport-cattle-jomcarthur2-900x450.jpg]
[animalsaustralia.org/our-work/live-export/disease-specialist-warns-live-export-must-end/index.html]
[cdn.animalsaustralia.org/wp-content/uploads/2021/12/03120532/jo-anne-mcarthur-YmyD-gq6x1A-unsplash-900x450.jpg]
[animalsaustralia.org/our-work/live-export/south-africa-live-export-court-win/index.html]
[cdn.animalsaustralia.org/wp-content/uploads/2021/11/23225516/lyn-in-slaughterhouse-filming-tommy-900x450.jpg]
[animalsaustralia.org/wp-content/cache/min/1/wp-content/themes/animalsaustralia/fractal/dist/modules/issue-banner/issue-bannerf32c.css]
[animalsaustralia.org/our-work/live-export/page/3/index.html]
[animalsaustralia.org/our-work/live-export/remembering-tommy-his-legacy-end-live-export/index.html]
[animalsaustralia.org/wp-content/cache/min/1/wp-content/themes/animalsaustralia/fractal/dist/modules/pagination/paginationf32c.css]
[animalsaustralia.org/wp-content/cache/min/1/wp-content/themes/animalsaustralia/fractal/dist/modules/articles-featured/articles-featuredf32c.css]
[animalsaustralia.org/wp-content/cache/min/1/wp-content/themes/animalsaustralia/fractal/dist/modules/articles-themed/articles-themedf32c.css]
[animalsaustralia.org/wp-content/cache/min/1/wp-content/themes/animalsaustralia/fractal/dist/modules/articles-listing/articles-listingf32c.css]
[animalsaustralia.org/wp-content/cache/min/1/wp-content/themes/animalsaustralia/fractal/dist/modules/article-filters/article-filters13f7.css]
[animalsaustralia.org/our-work/live-export/index.html]
[cdn.animalsaustralia.org/wp-content/uploads/2021/11/25104926/5791c984e600b1469172100-1920x800.jpg]
[animalsaustralia.org/our-work/farmed-animals/page/2/index.html]
[cdn.animalsaustralia.org/wp-content/uploads/2022/04/27141418/sow-in-stall-900x450.jpg]
[animalsaustralia.org/our-work/farmed-animals/feed/index.html]
[animalsaustralia.org/our-work/farmed-animals/index964a.html]
[cdn.animalsaustralia.org/wp-content/uploads/2022/09/05145924/imogen_still_1-900x450.png]
[animalsaustralia.org/our-work/farmed-animals/indexa7cd.html]
[animalsaustralia.org/our-work/farmed-animals/index5be0.html]
[animalsaustralia.org/our-work/farmed-animals/background/index.html]
[cdn.animalsaustralia.org/wp-content/uploads/2022/07/14150022/Hen_chick.jpg]
[animalsaustralia.org/our-work/farmed-animals/final-moments/index.html]
[animalsaustralia.org/our-work/farmed-animals/farrowing-crates-a-cycle-of-suffering-for-mother-pigs/index.html]
[cdn.animalsaustralia.org/wp-content/uploads/2022/07/22174418/We-Animals-3-900x4500a14.jpg]
[animalsaustralia.org/our-work/farmed-animals/egg-free-pledge/index.html]
[animalsaustralia.org/our-work/farmed-animals/urge-pm-to-end-live-export-now-s/index.html]
[animalsaustralia.org/our-work/farmed-animals/battery-cages-phase-out/index.html]
[cdn.animalsaustralia.org/wp-content/uploads/2022/06/24161944/duck_grass-900x450.jpg]
[animalsaustralia.org/our-work/farmed-animals/puffer-jackets/index.html]
[cdn.animalsaustralia.org/wp-content/uploads/2022/05/19170221/Cows_grooming-900x450.jpg]
[animalsaustralia.org/our-work/farmed-animals/things-the-dairy-industry-would-prefer-you-didnt-share/index.html]
[cdn.animalsaustralia.org/wp-content/uploads/2021/11/25153540/Piglet-900x4500a14.jpg]
[animalsaustralia.org/our-work/farmed-animals/national-commission-for-animal-welfare/index.html]
[cdn.animalsaustralia.org/wp-content/uploads/2021/11/25154629/5615ca88d413e1444268680-scaled-900x4500a14.jpg]
[animalsaustralia.org/our-work/farmed-animals/whos-standing-up-for-animals-this-federal-election/index.html]
[cdn.animalsaustralia.org/wp-content/uploads/2022/05/04133536/Petal_nuzzlingLittelFlower-900x4500a14.jpg]
[cdn.animalsaustralia.org/wp-content/uploads/2022/03/02201947/horn-cut-off-hero-image-900x4500a14.jpg]
[animalsaustralia.org/our-work/farmed-animals/australian-cattle-stations-his-horn-cut-off-no-pain-relief/index.html]
[cdn.animalsaustralia.org/wp-content/uploads/2021/11/23232321/chickenlove-01-empathy-900x4500a14.jpg]
[animalsaustralia.org/our-work/farmed-animals/rescued-dairy-cow-and-calf/index.html]
[cdn.animalsaustralia.org/wp-content/uploads/2021/12/23110024/lamb_on_grass-900x4500a14.jpg]
[animalsaustralia.org/our-work/farmed-animals/pain-relief-lambs-sheep/index.html]
[cdn.animalsaustralia.org/wp-content/uploads/2021/12/20145247/263802333_112093257982305_2514688954767555788_n-900x4500a14.jpg]
[animalsaustralia.org/our-work/farmed-animals/8-chicken-facts/index.html]
[animalsaustralia.org/our-work/farmed-animals/the-little-pig-who-survived-slaughter/index.html]
[cdn.animalsaustralia.org/wp-content/uploads/2021/11/23232803/change-his-fate-calf-900x4500a14.jpg]
[animalsaustralia.org/our-work/farmed-animals/what-happens-to-dairy-calves/index.html]
[cdn.animalsaustralia.org/wp-content/uploads/2021/11/25104744/55b09e4116e191437638209-900x4500a14.jpg]
[cdn.animalsaustralia.org/wp-content/uploads/2021/12/16130217/fur_seals_tas-900x450.jpg]
[animalsaustralia.org/our-work/farmed-animals/seal-bombing-salmon-farming-australia/index.html]
[cdn.animalsaustralia.org/wp-content/uploads/2021/12/03142359/Evolution-900x4500a14.png]
[animalsaustralia.org/our-work/farmed-animals/join-the-evolution/index.html]
[cdn.animalsaustralia.org/wp-content/uploads/2021/11/25153502/iStock_pigs_000017276333Large-900x4500a14.jpg]
[animalsaustralia.org/our-work/farmed-animals/dairy-factory-farms-australia/index.html]
[cdn.animalsaustralia.org/wp-content/uploads/2021/11/25154559/57ce4515d5cd71473135893-900x450.jpg]
[animalsaustralia.org/our-work/farmed-animals/index.html]
[animalsaustralia.org/our-work/farmed-animals/sheep-painful-procedures/index.html]
[animalsaustralia.org/our-work/farmed-animals/page/3/index.html]
[animalsaustralia.org/our-work/farmed-animals/christmas-appeal/index.html]
[cdn.animalsaustralia.org/wp-content/uploads/2021/11/25115312/GettyImages-1240835359-1920x8000a14.jpg]
[animalsaustralia.org/our-work/farmed-animals/page/4/index.html]
[animalsaustralia.org/our-work/factory-farming/page/2/index.html]
[animalsaustralia.org/our-work/factory-farming/feed/index.html]
[cdn.animalsaustralia.org/wp-content/uploads/2022/04/27141418/sow-in-stall-1200x600.jpg]
[animalsaustralia.org/our-work/factory-farming/index964a.html]
[animalsaustralia.org/our-work/factory-farming/indexa7cd.html]
[animalsaustralia.org/our-work/factory-farming/index5be0.html]
[cdn.animalsaustralia.org/wp-content/uploads/2022/06/29110355/update-pig-image-scaled-900x4500a14.jpg]
[animalsaustralia.org/our-work/factory-farming/background/index.html]
[animalsaustralia.org/our-work/factory-farming/farrowing-crates-a-cycle-of-suffering-for-mother-pigs/index.html]
[animalsaustralia.org/our-work/factory-farming/egg-free-pledge/index.html]
[cdn.animalsaustralia.org/wp-content/uploads/2021/11/23231117/caged-hen-joanne-mcarthur-900x450.jpg]
[animalsaustralia.org/our-work/factory-farming/battery-cages-phase-out/index.html]
[animalsaustralia.org/our-work/factory-farming/help-end-the-cage-age-in-europe/index.html]
[animalsaustralia.org/our-work/factory-farming/mp-info-battery-cages/index.html]
[cdn.animalsaustralia.org/wp-content/uploads/2021/12/23135230/hen_battery_cage-900x4500a14.jpg]
[animalsaustralia.org/our-work/factory-farming/nsw-battery-cage/index.html]
[cdn.animalsaustralia.org/wp-content/uploads/2021/11/23225124/somewhere-little-pig.jpg]
[animalsaustralia.org/our-work/factory-farming/dairy-factory-farms-australia/index.html]
[animalsaustralia.org/our-work/factory-farming/join-the-evolution/index.html]
[animalsaustralia.org/our-work/factory-farming/somewhere/index.html]
[cdn.animalsaustralia.org/wp-content/uploads/2021/11/25103522/shutterstock_1197498508-900x4500a14.jpg]
[cdn.animalsaustralia.org/wp-content/uploads/2021/11/23231046/1000-salmon3-900x4500a14.jpg]
[animalsaustralia.org/our-work/factory-farming/battery-cage/index.html]
[cdn.animalsaustralia.org/wp-content/uploads/2021/11/23225300/flying-pig-hero-friends-900x450.jpg]
[animalsaustralia.org/our-work/factory-farming/salmon-farming-exposed/index.html]
[cdn.animalsaustralia.org/wp-content/uploads/2021/11/29131118/2014_Corowa_Hen-900x450.jpg]
[cdn.animalsaustralia.org/wp-content/uploads/2021/11/25115939/GettyImages-826593206-900x4500a14.jpg]
[animalsaustralia.org/our-work/factory-farming/forgotten-battery-hens/index.html]
[animalsaustralia.org/our-work/factory-farming/deep-dive-antibiotics/index.html]
[animalsaustralia.org/our-work/factory-farming/somewhere-what-would-animals-dream-of/index.html]
[cdn.animalsaustralia.org/wp-content/uploads/2021/11/23230446/jo-anne-mcarthur_we-animals-australian-battery-cage-hens-900x4500a14.jpg]
[cdn.animalsaustralia.org/wp-content/uploads/2021/11/23225521/1-feature-submissions-900x450.jpg]
[animalsaustralia.org/our-work/factory-farming/index.html]
[animalsaustralia.org/our-work/wildlife/index.html]
[animalsaustralia.org/our-work/shooting-and-hunting/index.html]
[animalsaustralia.org/our-work/horse-racing/index.html]
[animalsaustralia.org/our-work/greyhound-racing/index.html]
[animalsaustralia.org/our-work/factory-farming/record-breaking-response-against-battery-cage-cruelty/index.html]
[animalsaustralia.org/our-work/factory-farming/invisible-cruelty-factory-farming/index.html]
[animalsaustralia.org/our-work/marine-animals/index.html]
[animalsaustralia.org/our-work/rodeos/index.html]
[animalsaustralia.org/our-work/companion-animals/index.html]
[animalsaustralia.org/our-work/animal-testing/index.html]
[animalsaustralia.org/our-work/zoos-and-aquariums/index.html]
[animalsaustralia.org/our-work/animal-circuses/index.html]
[animalsaustralia.org/our-work/compassionate-living/index.html]
[animalsaustralia.org/our-work/protecting-our-planet/index.html]
[animalsaustralia.org/our-work/inspiring-stories/index.html]
[animalsaustralia.org/our-work/emergency-grants-program/index.html]
[animalsaustralia.org/our-work/global-work/index.html]
[animalsaustralia.org/our-work/government-and-policy/index.html]
[animalsaustralia.org/take-action/index.html]
[animalsaustralia.org/take-action/become-a-member/index.html]
[animalsaustralia.org/take-action/campaigns-and-investigations/index.html]
[animalsaustralia.org/take-action/petitions-and-pledges/index.html]
[animalsaustralia.org/take-action/plant-based-living/index.html]
[animalsaustralia.org/take-action/bequests/index.html]
[animalsaustralia.org/latest-news.html]
[animalsaustralia.org/our-impact/index.html]
[animalsaustralia.org/our-impact/case-studies/ending-bali-dog-meat/index.html]
[animalsaustralia.org/about-us/index.html]
[animalsaustralia.org/about-us/our-values/index.html]
[animalsaustralia.org/about-us/our-approach/index.html]
[animalsaustralia.org/about-us/our-people/index.html]
[animalsaustralia.org/about-us/careers/index.html]
[animalsaustralia.org/about-us/annual-reports/index.html]
[animalsaustralia.org/about-us/supporter-update/index.html]
[animalsaustralia.org/about-us/our-partners/index.html]
[animalsaustralia.org/take-action/campaigns-and-investigations/join-the-evolution/index.html]
[animalsaustralia.org/mpletter/battery-cages-phase-out-state-mps/index.html]
[animalsaustralia.org/latest-news/urge-pm-to-end-live-export-now-s/index.html]
[animalsaustralia.org/latest-news/emergency-grants-pakistan-floods/index.html]
[animalsaustralia.org/latest-news/battery-cages-phase-out/index.html]
[animalsaustralia.org/latest-news/farrowing-crates-a-cycle-of-suffering-for-mother-pigs/index.html]
[animalsaustralia.org/latest-news/duck-shooting-victoria/index.html]
[animalsaustralia.org/latest-news/caring-for-the-iconic-koala/index.html]
[animalsaustralia.org/latest-news/index.html]
[animalsaustralia.org/take-action/donate/index1e28.html]
[animalsaustralia.org/privacy-policy/index.html]
[animalsaustralia.org/wp-content/themes/animalsaustralia/fractal/dist/svg/aa-logo-bone.svg]
[animalsaustralia.org/our-impact/case-studies/index.html]
[animalsaustralia.org/privacy-policy.html]
[animalsaustralia.org/wp-content/cache/min/1/wp-content/themes/animalsaustralia/fractal/dist/modules/home-banner/home-banner9d84.css]
[animalsaustralia.org/wp-content/cache/min/1/wp-content/themes/animalsaustralia/fractal/dist/modules/home-latest-articles/home-latest-articles9d84.css]
[animalsaustralia.org/wp-content/cache/min/1/wp-content/themes/animalsaustralia/fractal/dist/modules/article/article115a.css]
[animalsaustralia.org/wp-content/cache/min/1/wp-content/themes/animalsaustralia/fractal/dist/modules/text-only-article/text-only-article9d84.css]
[animalsaustralia.org/wp-content/cache/min/1/wp-content/themes/animalsaustralia/fractal/dist/modules/home-take-action/home-take-action8ab5.css]
[animalsaustralia.org/wp-content/cache/min/1/wp-content/themes/animalsaustralia/fractal/dist/modules/home-plant-based/home-plant-based8ab5.css]
[animalsaustralia.org/wp-content/cache/min/1/wp-content/themes/animalsaustralia/fractal/dist/modules/home-vegkit/home-vegkit8ab5.css]
[animalsaustralia.org/wp-content/cache/min/1/wp-content/themes/animalsaustralia/fractal/dist/modules/home-marquee/home-marquee8ab5.css]
[animalsaustralia.org/wp-content/cache/min/1/wp-content/themes/animalsaustralia/fractal/dist/modules/home-support/home-support8ab5.css]
[animalsaustralia.org/wp-content/cache/min/1/wp-content/themes/animalsaustralia/fractal/dist/modules/home-image-text/home-image-text8ab5.css]
[animalsaustralia.org/wp-content/cache/min/1/wp-content/themes/animalsaustralia/fractal/dist/modules/home-issues/home-issues8ab5.css]
[animalsaustralia.org/wp-content/cache/min/1/wp-content/themes/animalsaustralia/fractal/dist/modules/home-timeline/home-timeline8ab5.css]
[animalsaustralia.org/wp-content/cache/min/1/wp-content/themes/animalsaustralia/fractal/dist/modules/newsletter-signup/newsletter-signup115a.css]
[animalsaustralia.org/wp-content/cache/min/1/wp-content/themes/animalsaustralia/fractal/dist/modules/footer/footer115a.css]
[animalsaustralia.org/wp-content/cache/min/1/wp-content/themes/animalsaustralia/fractal/dist/modules/cookie-alert/cookie-alert115a.css]
[animalsaustralia.org/index8816.html]
[animalsaustralia.org/latest-news/codes-of-cruelty/index.html]
[animalsaustralia.org/take-action/campaigns-and-investigations/somewhere/index.html]
[animalsaustralia.org/latest-news/the-reality-of-dairy-killing-calves/index.html]
[animalsaustralia.org/latest-news/vegan-christmas-food-ideas/index.html]
[animalsaustralia.org/latest-news/how-covid-19-coronavirus-linked-treatment-animals/index.html]
[animalsaustralia.org/latest-news/egg-free-guide/index.html]
[animalsaustralia.org/latest-news/dairy-free-shopping-list/index.html]
[animalsaustralia.org/latest-news/nutrition/index.html]
[animalsaustralia.org/latest-news/being-a-wildlife-carer/index.html]
[animalsaustralia.org/latest-news/how-are-animals-slaughtered-australia/index.html]
[animalsaustralia.org/latest-news/reality-egg-production-chick-shredding/index.html]
[animalsaustralia.org/action/index.html]
[animalsaustralia.org/latest-news/federal-mp-look-up-tool/index.html]
[animalsaustralia.org/wp-content/cache/min/1/wp-content/themes/animalsaustralia/fractal/dist/modules/hero-banner/hero-banner115a.css]
[animalsaustralia.org/wp-content/cache/min/1/wp-content/themes/animalsaustralia/fractal/dist/modules/accordion/accordiona54f.css]
[animalsaustralia.org/wp-content/cache/min/1/wp-content/themes/animalsaustralia/fractal/dist/modules/accordion-group/accordion-groupc582.css]
[animalsaustralia.org/index5804.html]
[animalsaustralia.org/wp-content/cache/min/1/wp-content/themes/animalsaustralia/fractal/dist/modules/contact-details/contact-details5fce.css]
[animalsaustralia.org/wp-content/cache/min/1/wp-content/themes/animalsaustralia/fractal/dist/modules/contact-us/contact-us5fce.css]
[animalsaustralia.org/my-aa/login/index.html]
[animalsaustralia.org/index3dc6.html]
[animalsaustralia.org/donor-charter/index.html]
[animalsaustralia.org/take-action/donate/donate-in-celebration/index.html]
[animalsaustralia.org/take-action/donate/memorial-gifts/index.html]
[animalsaustralia.org/take-action/donate/ways-to-pay/index.html]
[animalsaustralia.org/wp-content/cache/min/1/wp-content/themes/animalsaustralia/fractal/dist/modules/social-share/social-sharecdc9.css]
[animalsaustralia.org/wp-content/cache/min/1/wp-content/themes/animalsaustralia/fractal/dist/modules/form-stepper/form-stepper08d7.css]
[animalsaustralia.org/wp-content/cache/min/1/wp-content/themes/animalsaustralia/fractal/dist/modules/donation/donationcdc9.css]
[animalsaustralia.org/wp-content/cache/min/1/wp-content/themes/animalsaustralia/fractal/dist/modules/more-ways-to-give/more-ways-to-givecdc9.css]
[animalsaustralia.org/indexa09e.html]
[animalsaustralia.org/our-work/animal-circuses.html]
[animalsaustralia.org/our-work/animal-testing.html]
[animalsaustralia.org/our-work/companion-animals.html]
[animalsaustralia.org/our-work/factory-farming.html]
[animalsaustralia.org/our-work/farmed-animals.html]
[animalsaustralia.org/our-work/greyhound-racing.html]
[animalsaustralia.org/our-work/horse-racing.html]
[animalsaustralia.org/our-work/live-export.html]
[animalsaustralia.org/our-work/marine-animals.html]
[animalsaustralia.org/our-work/rodeos.html]
[animalsaustralia.org/our-work/shooting-and-hunting.html]
[animalsaustralia.org/our-work/wildlife.html]
[animalsaustralia.org/our-work/zoos-and-aquariums.html]
[animalsaustralia.org/our-work/compassionate-living.html]
[animalsaustralia.org/our-work/inspiring-stories.html]
[animalsaustralia.org/our-work/protecting-our-planet.html]
[animalsaustralia.org/our-work/emergency-grants-program.html]
[animalsaustralia.org/our-work/global-work.html]
[animalsaustralia.org/our-work/government-and-policy.html]
[animalsaustralia.org/wp-content/cache/min/1/wp-content/themes/animalsaustralia/fractal/dist/modules/what-were-doing-parent/what-were-doing-parent30d6.css]
[animalsaustralia.org/our-work/live-export/page/2/index.html]
[animalsaustralia.org/our-work/live-export/feed/index.html]
[animalsaustralia.org/our-work.html]
[animalsaustralia.org/our-work/live-export/indexa7cd.html]
[animalsaustralia.org/our-work/live-export/index964a.html]
[animalsaustralia.org/our-work/live-export/index5be0.html]
[animalsaustralia.org/our-work/live-export/background/index.html]
[animalsaustralia.org/our-work/live-export/urge-pm-to-end-live-export-now-s/index.html]
[animalsaustralia.org/our-work/live-export/2022-festival-of-sacrifice/index.html]
[animalsaustralia.org/our-work/live-export/donate-to-investigations/index.html]
[animalsaustralia.org/our-work/live-export/summer-live-export-ban-at-risk/index.html]
[animalsaustralia.org/our-work/live-export/live-export-ships-exposed/index.html]
[animalsaustralia.org/our-work/live-export/live-export-isnt-business-its-cruelty/index.html]
[animalsaustralia.org/our-work/live-export/end-live-export/index.html]
[animalsaustralia.org/our-work/live-export/peta-live-export-indonesia/index.html]
[animalsaustralia.org/our-work/live-export/save-miorita-song-live-export-romania/index.html]
[animalsaustralia.org/our-work/live-export/millions-of-australian-sheep-spared-live-export/index.html]
[animalsaustralia.org/our-work/live-export/shocking-cruelty-aus-govt-approved-slaughterhouse-au/index.html]
[animalsaustralia.org/our-work/live-export/10-years-after-four-corners-live-export/index.html]
[animalsaustralia.org/our-work/live-export/new-zealand-announces-world-first-live-export-ban/index.html]
[animalsaustralia.org/our-work/live-export/ban-live-export/index.html]
[animalsaustralia.org/our-work/live-export/people-power-stops-new-live-export/index.html]
[animalsaustralia.org/our-work/live-export/two-live-export-ships-past-year-capsized-sea-destroying-animal-human-lives/index.html]
[animalsaustralia.org/our-work/live-export/why-we-are-determined-to-end-live-export/index.html]
[animalsaustralia.org/our-work/live-export/disease-specialist-warns-live-export-must-end/index.html]
[animalsaustralia.org/our-work/live-export/south-africa-live-export-court-win/index.html]
[animalsaustralia.org/our-work/live-export/remembering-tommy-his-legacy-end-live-export/index.html]
[animalsaustralia.org/our-work/live-export/page/3/index.html]
[animalsaustralia.org/wp-content/cache/min/1/wp-content/themes/animalsaustralia/fractal/dist/modules/issue-banner/issue-bannerf32c.css]
[animalsaustralia.org/wp-content/cache/min/1/wp-content/themes/animalsaustralia/fractal/dist/modules/pagination/paginationf32c.css]
[animalsaustralia.org/wp-content/cache/min/1/wp-content/themes/animalsaustralia/fractal/dist/modules/articles-featured/articles-featuredf32c.css]
[animalsaustralia.org/wp-content/cache/min/1/wp-content/themes/animalsaustralia/fractal/dist/modules/articles-themed/articles-themedf32c.css]
[animalsaustralia.org/wp-content/cache/min/1/wp-content/themes/animalsaustralia/fractal/dist/modules/articles-listing/articles-listingf32c.css]
[animalsaustralia.org/wp-content/cache/min/1/wp-content/themes/animalsaustralia/fractal/dist/modules/article-filters/article-filters13f7.css]
[animalsaustralia.org/our-work/farmed-animals/page/2/index.html]
[animalsaustralia.org/our-work/farmed-animals/feed/index.html]
[animalsaustralia.org/our-work/farmed-animals/indexa7cd.html]
[animalsaustralia.org/our-work/farmed-animals/index964a.html]
[animalsaustralia.org/our-work/farmed-animals/index5be0.html]
[animalsaustralia.org/our-work/farmed-animals/background/index.html]
[animalsaustralia.org/our-work/farmed-animals/urge-pm-to-end-live-export-now-s/index.html]
[animalsaustralia.org/our-work/farmed-animals/farrowing-crates-a-cycle-of-suffering-for-mother-pigs/index.html]
[animalsaustralia.org/our-work/farmed-animals/final-moments/index.html]
[animalsaustralia.org/our-work/farmed-animals/egg-free-pledge/index.html]
[animalsaustralia.org/our-work/farmed-animals/battery-cages-phase-out/index.html]
[animalsaustralia.org/our-work/farmed-animals/puffer-jackets/index.html]
[animalsaustralia.org/our-work/farmed-animals/things-the-dairy-industry-would-prefer-you-didnt-share/index.html]
[animalsaustralia.org/our-work/farmed-animals/national-commission-for-animal-welfare/index.html]
[animalsaustralia.org/our-work/farmed-animals/whos-standing-up-for-animals-this-federal-election/index.html]
[animalsaustralia.org/our-work/farmed-animals/rescued-dairy-cow-and-calf/index.html]
[animalsaustralia.org/our-work/farmed-animals/australian-cattle-stations-his-horn-cut-off-no-pain-relief/index.html]
[animalsaustralia.org/our-work/farmed-animals/8-chicken-facts/index.html]
[animalsaustralia.org/our-work/farmed-animals/pain-relief-lambs-sheep/index.html]
[animalsaustralia.org/our-work/farmed-animals/the-little-pig-who-survived-slaughter/index.html]
[animalsaustralia.org/our-work/farmed-animals/what-happens-to-dairy-calves/index.html]
[animalsaustralia.org/our-work/farmed-animals/dairy-factory-farms-australia/index.html]
[animalsaustralia.org/our-work/farmed-animals/seal-bombing-salmon-farming-australia/index.html]
[animalsaustralia.org/our-work/farmed-animals/join-the-evolution/index.html]
[animalsaustralia.org/our-work/farmed-animals/christmas-appeal/index.html]
[animalsaustralia.org/our-work/farmed-animals/sheep-painful-procedures/index.html]
[animalsaustralia.org/our-work/farmed-animals/page/3/index.html]
[animalsaustralia.org/our-work/farmed-animals/page/4/index.html]
[animalsaustralia.org/our-work/factory-farming/page/2/index.html]
[animalsaustralia.org/our-work/factory-farming/feed/index.html]
[animalsaustralia.org/our-work/factory-farming/indexa7cd.html]
[animalsaustralia.org/our-work/factory-farming/index964a.html]
[animalsaustralia.org/our-work/factory-farming/index5be0.html]
[animalsaustralia.org/our-work/factory-farming/background/index.html]
[animalsaustralia.org/our-work/factory-farming/farrowing-crates-a-cycle-of-suffering-for-mother-pigs/index.html]
[animalsaustralia.org/our-work/factory-farming/egg-free-pledge/index.html]
[animalsaustralia.org/our-work/factory-farming/battery-cages-phase-out/index.html]
[animalsaustralia.org/our-work/factory-farming/help-end-the-cage-age-in-europe/index.html]
[animalsaustralia.org/our-work/factory-farming/mp-info-battery-cages/index.html]
[animalsaustralia.org/our-work/factory-farming/nsw-battery-cage/index.html]
[animalsaustralia.org/our-work/factory-farming/dairy-factory-farms-australia/index.html]
[animalsaustralia.org/our-work/factory-farming/join-the-evolution/index.html]
[animalsaustralia.org/our-work/factory-farming/somewhere/index.html]
[animalsaustralia.org/our-work/factory-farming/battery-cage/index.html]
[animalsaustralia.org/our-work/factory-farming/salmon-farming-exposed/index.html]
[animalsaustralia.org/our-work/factory-farming/somewhere-what-would-animals-dream-of/index.html]
[animalsaustralia.org/our-work/factory-farming/forgotten-battery-hens/index.html]
[animalsaustralia.org/our-work/factory-farming/deep-dive-antibiotics/index.html]
[animalsaustralia.org/our-work/factory-farming/invisible-cruelty-factory-farming/index.html]
[animalsaustralia.org/our-work/factory-farming/record-breaking-response-against-battery-cage-cruelty/index.html]
